
> vite-react-typescript-starter@0.0.0 build
> tsc && vite build

node.exe : NODE_ENV=production is not supported in the .env file. Only NODE_ENV=development is supported to create a development build of your project. If you need to set 
process.env.NODE_ENV, you can set it in the Vite config instead.
At line:1 char:1
+ & "C:\Program Files\nodejs/node.exe" "C:\Users\admin\AppData\Roaming\ ...
+ ~~~~~~~~~~~~~~~~~~~~~~~~~~~~~~~~~~~~~~~~~~~~~~~~~~~~~~~~~~~~~~~~~~~~~
    + CategoryInfo          : NotSpecified: (NODE_ENV=produc...config instead.:String) [], RemoteException
    + FullyQualifiedErrorId : NativeCommandError
 
[36mvite v6.4.1 [32mbuilding for production...[36m[39m
transforming...
[33msrc/services/errorTracking.ts (24:19): "BrowserTracing" is not exported by "node_modules/@sentry/react/build/esm/index.js", imported by "src/services/errorTracking.ts".[39m
[33msrc/services/errorTracking.ts (27:19): "Replay" is not exported by "node_modules/@sentry/react/build/esm/index.js", imported by "src/services/errorTracking.ts".[39m
[33msrc/services/errorTracking.ts (197:20): "startTransaction" is not exported by "node_modules/@sentry/react/build/esm/index.js", imported by "src/services/errorTracking.ts".[39m
[33msrc/services/errorTracking.ts (210:31): "startTransaction" is not exported by "node_modules/@sentry/react/build/esm/index.js", imported by "src/services/errorTracking.ts".[39m
[32mΓ£ô[39m 2479 modules transformed.
[33mGenerated an empty chunk: "vendor-db".[39m
rendering chunks...
[2mdist/[22m[32mindex.html                                                                      [39m[1m[2m     7.59 kB[22m[1m[22m
[2mdist/[22m[32mimages/logo-DVqTeVNI.png                                                        [39m[1m[2m   251.50 kB[22m[1m[22m
[2mdist/[22m[32mimages/aligarh-attar-house-srinagar-book-shops-f67i0wj83m-7Y5QcFmF.jpg          [39m[1m[2m   353.87 kB[22m[1m[22m
[2mdist/[22m[32mimages/aligarh-attar-house-maisuma-srinagar-book-shops-ii5m0laxaw-DuYvkbBP.jpg  [39m[1m[2m 1,269.67 kB[22m[1m[22m
[2mdist/[22m[32mimages/attar-blends-CS-YkcLJ.jpg                                                [39m[1m[2m 6,390.31 kB[22m[1m[22m
[2mdist/[22m[32mimages/musk-attars-ChSKyZY0.jpg                                                 [39m[1m[2m 6,703.56 kB[22m[1m[22m
[2mdist/[22m[32mimages/oudh-attars-ktsDikLn.jpg                                                 [39m[1m[2m15,599.61 kB[22m[1m[22m
[2mdist/[22m[35mcss/index-CQ43-cm5.css                                                          [39m[1m[2m   126.81 kB[22m[1m[22m
[2mdist/[22m[36mjs/vendor-db-l0sNRNKZ.js                                                        [39m[1m[2m     0.00 kB[22m[1m[22m
[2mdist/[22m[36mjs/page-home-BiG0e7VC.js                                                        [39m[1m[2m     4.11 kB[22m[1m[22m
[2mdist/[22m[36mjs/components-home-hFyBF7-H.js                                                  [39m[1m[2m    19.78 kB[22m[1m[22m
[2mdist/[22m[36mjs/index-Bgl_I1zW.js                                                            [39m[1m[2m    55.44 kB[22m[1m[22m
[2mdist/[22m[36mjs/components-product-XoYfLeAp.js                                               [39m[1m[2m    56.16 kB[22m[1m[22m
[2mdist/[22m[36mjs/app-core-cicPhnVs.js                                                         [39m[1m[2m    79.02 kB[22m[1m[22m
[2mdist/[22m[36mjs/vendor-animations-BoQ_BCQi.js                                                [39m[1m[2m    80.68 kB[22m[1m[22m
[2mdist/[22m[36mjs/vendor-misc-eux80zKi.js                                                      [39m[1m[2m   120.78 kB[22m[1m[22m
[2mdist/[22m[36mjs/pages-Cdl4W4Ni.js                                                            [39m[1m[2m   229.11 kB[22m[1m[22m
[2mdist/[22m[36mjs/components-dashboard-COf25iW0.js                                             [39m[1m[2m   236.40 kB[22m[1m[22m
[2mdist/[22m[36mjs/vendor-react-CrgHBiDw.js                                                     [39m[1m[2m   262.85 kB[22m[1m[22m
[32mΓ£ô built in 25.54s[39m
